08:05:57 **** Incremental Build of configuration Debug for project lab1-ext3 ****
make -j7 all 
arm-none-eabi-gcc -o "lab1-ext3.elf" @"objects.list"   -mcpu=cortex-m3 -T"/Users/admin/Documents/BK-University/VXL/LAB/lab1-ext3/STM32F103C6UX_FLASH.ld" --specs=nosys.specs -Wl,-Map="lab1-ext3.map" -Wl,--gc-sections -static --specs=nano.specs -mfloat-abi=soft -mthumb -Wl,--start-group -lc -lm -Wl,--end-group
Finished building target: lab1-ext3.elf
 
arm-none-eabi-size   lab1-ext3.elf 
arm-none-eabi-objdump -h -S  lab1-ext3.elf  > "lab1-ext3.list"
arm-none-eabi-objcopy  -O ihex  lab1-ext3.elf  "lab1-ext3.hex"
arm-none-eabi-objcopy  -O binary  lab1-ext3.elf  "lab1-ext3.bin"
   text	   data	    bss	    dec	    hex	filename
   4828	     20	   1572	   6420	   1914	lab1-ext3.elf
Finished building: default.size.stdout
 
Finished building: lab1-ext3.hex
Finished building: lab1-ext3.bin
 
 
Finished building: lab1-ext3.list
 
