14:30:44 **** Incremental Build of configuration Debug for project lab1-ex5 ****
make -j7 all 
arm-none-eabi-gcc "../Core/Src/main.c" -mcpu=cortex-m3 -std=gnu11 -g3 -DDEBUG -DUSE_HAL_DRIVER -DSTM32F103x6 -c -I../Core/Inc -I../Drivers/STM32F1xx_HAL_Driver/Inc -I../Drivers/STM32F1xx_HAL_Driver/Inc/Legacy -I../Drivers/CMSIS/Device/ST/STM32F1xx/Include -I../Drivers/CMSIS/Include -O0 -ffunction-sections -fdata-sections -Wall -fstack-usage -MMD -MP -MF"Core/Src/main.d" -MT"Core/Src/main.o" --specs=nano.specs -mfloat-abi=soft -mthumb -o "Core/Src/main.o"
arm-none-eabi-gcc -o "lab1-ex5.elf" @"objects.list"   -mcpu=cortex-m3 -T"/Users/admin/Documents/BK-University/VXL/LAB/VXL-1652026-Lab-1/lab1-ex5/STM32F103C6UX_FLASH.ld" --specs=nosys.specs -Wl,-Map="lab1-ex5.map" -Wl,--gc-sections -static --specs=nano.specs -mfloat-abi=soft -mthumb -Wl,--start-group -lc -lm -Wl,--end-group
Finished building target: lab1-ex5.elf
 
arm-none-eabi-size   lab1-ex5.elf 
arm-none-eabi-objdump -h -S  lab1-ex5.elf  > "lab1-ex5.list"
arm-none-eabi-objcopy  -O ihex  lab1-ex5.elf  "lab1-ex5.hex"
arm-none-eabi-objcopy  -O binary  lab1-ex5.elf  "lab1-ex5.bin"
   text	   data	    bss	    dec	    hex	filename
   5684	     20	   1572	   7276	   1c6c	lab1-ex5.elf
Finished building: default.size.stdout
 
Finished building: lab1-ex5.hex
Finished building: lab1-ex5.bin
 
 
Finished building: lab1-ex5.list
 

14:30:44 Build Finished. 0 errors, 0 warnings. (took 832ms)

