09:17:00 **** Incremental Build of configuration Debug for project lab1-ext3 ****
make -j7 all 
arm-none-eabi-gcc "../Core/Src/main.c" -mcpu=cortex-m3 -std=gnu11 -g3 -DDEBUG -DUSE_HAL_DRIVER -DSTM32F103x6 -c -I../Core/Inc -I../Drivers/STM32F1xx_HAL_Driver/Inc -I../Drivers/STM32F1xx_HAL_Driver/Inc/Legacy -I../Drivers/CMSIS/Device/ST/STM32F1xx/Include -I../Drivers/CMSIS/Include -O0 -ffunction-sections -fdata-sections -Wall -fstack-usage -MMD -MP -MF"Core/Src/main.d" -MT"Core/Src/main.o" --specs=nano.specs -mfloat-abi=soft -mthumb -o "Core/Src/main.o"
arm-none-eabi-gcc -o "lab1-ext3.elf" @"objects.list"   -mcpu=cortex-m3 -T"/Users/admin/Documents/BK-University/VXL/LAB/lab1-ext3/STM32F103C6UX_FLASH.ld" --specs=nosys.specs -Wl,-Map="lab1-ext3.map" -Wl,--gc-sections -static --specs=nano.specs -mfloat-abi=soft -mthumb -Wl,--start-group -lc -lm -Wl,--end-group
Finished building target: lab1-ext3.elf
 
arm-none-eabi-size   lab1-ext3.elf 
arm-none-eabi-objdump -h -S  lab1-ext3.elf  > "lab1-ext3.list"
arm-none-eabi-objcopy  -O ihex  lab1-ext3.elf  "lab1-ext3.hex"
arm-none-eabi-objcopy  -O binary  lab1-ext3.elf  "lab1-ext3.bin"
   text	   data	    bss	    dec	    hex	filename
   4928	     20	   1572	   6520	   1978	lab1-ext3.elf
Finished building: default.size.stdout
 
Finished building: lab1-ext3.hex
Finished building: lab1-ext3.bin
 
 
Finished building: lab1-ext3.list
 

09:17:01 Build Finished. 0 errors, 0 warnings. (took 794ms)

