14:15:09 **** Incremental Build of configuration Debug for project lab1-ex2 ****
make -j7 all 
arm-none-eabi-gcc -o "lab1-ex2.elf" @"objects.list"   -mcpu=cortex-m3 -T"/Users/admin/Documents/BK-University/VXL/LAB/lab1-ex2/STM32F103C6UX_FLASH.ld" --specs=nosys.specs -Wl,-Map="lab1-ex2.map" -Wl,--gc-sections -static --specs=nano.specs -mfloat-abi=soft -mthumb -Wl,--start-group -lc -lm -Wl,--end-group
Finished building target: lab1-ex2.elf
 
arm-none-eabi-size  lab1-ex2.elf 
arm-none-eabi-objdump -h -S lab1-ex2.elf  > "lab1-ex2.list"
arm-none-eabi-objcopy  -O ihex lab1-ex2.elf  "lab1-ex2.hex"
arm-none-eabi-objcopy  -O binary lab1-ex2.elf  "lab1-ex2.bin"
   text	   data	    bss	    dec	    hex	filename
   4424	     12	   1572	   6008	   1778	lab1-ex2.elf
Finished building: default.size.stdout
 
Finished building: lab1-ex2.list
 
Finished building: lab1-ex2.bin
Finished building: lab1-ex2.hex
 
 

14:15:10 Build Finished. 0 errors, 0 warnings. (took 868ms)

